// Jest Snapshot v1, https://goo.gl/fbAQLP

exports[`Mission component tests: Component renders correctly 1`] = `
<tr>
  <td
    className="bold-text"
  >
    name
  </td>
  <td>
    desc
  </td>
  <td>
    <button
      className="member-btn non-member"
      type="submit"
    >
      Not a Member
    </button>
  </td>
  <td>
    <button
      className="mission-btn join-mission"
      onClick={[Function]}
      type="submit"
    >
      Join Mission
    </button>
  </td>
</tr>
`;
