// Jest Snapshot v1, https://goo.gl/fbAQLP

exports[`Rockets component tests: Rockets component renders correctly 1`] = `
<ul
  className="rockets"
>
  <li
    className="rocket-item"
  >
    <div
      className="rocket"
    >
      <img
        alt="Rocket 1"
        className="rocket-image"
        src="rocket-image-1"
      />
      <div
        className="rocket-info"
      >
        <h2
          className="rocket-name"
        >
          Rocket 1
        </h2>
        <div
          className="rocket-description-container"
        >
          <p
            className="rocket-description"
          >
            rocket-description-1
          </p>
        </div>
        <button
          className="rocket-button unclicked"
          onClick={[Function]}
          type="button"
        >
          Reserve Rocket
        </button>
      </div>
    </div>
  </li>
  <li
    className="rocket-item"
  >
    <div
      className="rocket"
    >
      <img
        alt="Rocket 2"
        className="rocket-image"
        src="rocket-image-2"
      />
      <div
        className="rocket-info"
      >
        <h2
          className="rocket-name"
        >
          Rocket 2
        </h2>
        <div
          className="rocket-description-container"
        >
          <p
            className="rocket-description"
          >
            rocket-description-2
          </p>
        </div>
        <button
          className="rocket-button unclicked"
          onClick={[Function]}
          type="button"
        >
          Reserve Rocket
        </button>
      </div>
    </div>
  </li>
  <li
    className="rocket-item"
  >
    <div
      className="rocket"
    >
      <img
        alt="Rocket 3"
        className="rocket-image"
        src="rocket-image-3"
      />
      <div
        className="rocket-info"
      >
        <h2
          className="rocket-name"
        >
          Rocket 3
        </h2>
        <div
          className="rocket-description-container"
        >
          <p
            className="rocket-description"
          >
            rocket-description-3
          </p>
        </div>
        <button
          className="rocket-button unclicked"
          onClick={[Function]}
          type="button"
        >
          Reserve Rocket
        </button>
      </div>
    </div>
  </li>
</ul>
`;
